python : \u0393▄ß\u2229\u2555┼ Loaded team_stats (660 rows) - DEPRECATED, use game_advanced_stats instead
At line:1 char:1
+ python test_away_elo.py 2>&1 | Tee-Object -FilePath test_output.txt;  ...
+ ~~~~~~~~~~~~~~~~~~~~~~~~~~~~
    + CategoryInfo          : NotSpecified: (\u0393▄ß\u2229\...d_stats instead:String) [], RemoteException
    + FullyQualifiedErrorId : NativeCommandError
 
Error loading data: Execution failed on sql 'SELECT * FROM game_results': no such table: game_results
Data cache load failed: Execution failed on sql 'SELECT * FROM game_results': no such table: game_results. Run 'Download Data' first.

Total features: 43

home_composite_elo: 1602.31254759368
away_composite_elo: MISSING

off_elo_diff: -9.347470749530657
def_elo_diff: 80.94268519409229

[ERROR] away_composite_elo still missing
